21:56:56 **** Incremental Build of configuration Debug for project Práctica_1 ****
make -j4 all 
arm-none-eabi-gcc "../Src/main.c" -mcpu=cortex-m4 -std=gnu11 -g3 -DDEBUG -DSTM32 -DSTM32F429ZITx -DSTM32F4 -DNUCLEO_F429ZI -DUSE_HAL_DRIVER -DSTM32F429xx -c -I../Inc -I"/home/lucas/Repositorio CESE18/LucasRoblesCESE18/Práctica_1/Drivers/STM32F4xx_HAL_Driver/Inc" -I"/home/lucas/Repositorio CESE18/LucasRoblesCESE18/Práctica_1/Drivers/CMSIS/Include" -I"/home/lucas/Repositorio CESE18/LucasRoblesCESE18/Práctica_1/Drivers/CMSIS/Device/ST/STM32F4xx/Include" -I"/home/lucas/Repositorio CESE18/LucasRoblesCESE18/Práctica_1/Drivers/BSP/STM32F4xx_Nucleo_144" -I"/home/lucas/Repositorio CESE18/LucasRoblesCESE18/Práctica_1/Drivers/Core/Inc" -O0 -ffunction-sections -fdata-sections -Wall -fstack-usage -MMD -MP -MF"Src/main.d" -MT"Src/main.o" --specs=nano.specs -mfpu=fpv4-sp-d16 -mfloat-abi=hard -mthumb -o "Src/main.o"
arm-none-eabi-gcc -o "Práctica_1.elf" @"objects.list"   -mcpu=cortex-m4 -T"/home/lucas/Repositorio CESE18/LucasRoblesCESE18/Práctica_1/STM32F429ZITX_FLASH.ld" --specs=nosys.specs -Wl,-Map="Práctica_1.map" -Wl,--gc-sections -static --specs=nano.specs -mfpu=fpv4-sp-d16 -mfloat-abi=hard -mthumb -Wl,--start-group -lc -lm -Wl,--end-group
Finished building target: Práctica_1.elf
 
arm-none-eabi-size   Práctica_1.elf 
arm-none-eabi-objdump -h -S  Práctica_1.elf  > "Práctica_1.list"
   text	   data	    bss	    dec	    hex	filename
   6312	     32	   1568	   7912	   1ee8	Práctica_1.elf
Finished building: default.size.stdout
 
Finished building: Práctica_1.list
 
21:58:44 **** Incremental Build of configuration Debug for project Práctica_1 ****
make -j4 all 
arm-none-eabi-size   Práctica_1.elf 
   text	   data	    bss	    dec	    hex	filename
   6312	     32	   1568	   7912	   1ee8	Práctica_1.elf
Finished building: default.size.stdout
 
